Archive member included because of file (symbol)

/d/3202c/prj/app/demo/dvbc/jade_demo_new_geeya/mcf_data_broadcast_3202c//release/lib//libgycas.a(gycas_api.o)
                              cdca/win_smc_info.o (GYCA_IsSonCard)
/d/3202c/prj/app/demo/dvbc/jade_demo_new_geeya/mcf_data_broadcast_3202c//release/lib//libgycas.a(gycas_ecm.o)
                              /d/3202c/prj/app/demo/dvbc/jade_demo_new_geeya/mcf_data_broadcast_3202c//release/lib//libgycas.a(gycas_api.o) (GYCAS_ClearIppvInfo)
/d/3202c/prj/app/demo/dvbc/jade_demo_new_geeya/mcf_data_broadcast_3202c//release/lib//libgycas.a(gycas_mgr.o)
                              /d/3202c/prj/app/demo/dvbc/jade_demo_new_geeya/mcf_data_broadcast_3202c//release/lib//libgycas.a(gycas_api.o) (CHCAMTaskStatus)
/d/3202c/prj/app/demo/dvbc/jade_demo_new_geeya/mcf_data_broadcast_3202c//release/lib//libgycas.a(gycas_mmm.o)
                              /d/3202c/prj/app/demo/dvbc/jade_demo_new_geeya/mcf_data_broadcast_3202c//release/lib//libgycas.a(gycas_mgr.o) (GYCAS_MMM_Initialize)
/d/3202c/prj/app/demo/dvbc/jade_demo_new_geeya/mcf_data_broadcast_3202c//release/lib//libgycas.a(gycas_smc.o)
                              /d/3202c/prj/app/demo/dvbc/jade_demo_new_geeya/mcf_data_broadcast_3202c//release/lib//libgycas.a(gycas_ecm.o) (bWritedEntitleFlag)
/d/3202c/prj/app/demo/dvbc/jade_demo_new_geeya/mcf_data_broadcast_3202c//release/lib//libgycas.a(gycas_smc_drv.o)
                              /d/3202c/prj/app/demo/dvbc/jade_demo_new_geeya/mcf_data_broadcast_3202c//release/lib//libgycas.a(gycas_api.o) (GYCAS_SmcDrv_WriteRecordFile)
/d/3202c/prj/app/demo/dvbc/jade_demo_new_geeya/mcf_data_broadcast_3202c//release/lib//libgycas.a(gycas_smc_hal.o)
                              /d/3202c/prj/app/demo/dvbc/jade_demo_new_geeya/mcf_data_broadcast_3202c//release/lib//libgycas.a(gycas_api.o) (GYCardContent)
/d/3202c/prj/app/demo/dvbc/jade_demo_new_geeya/mcf_data_broadcast_3202c//release/lib//libgycas.a(gycas_utl.o)
                              /d/3202c/prj/app/demo/dvbc/jade_demo_new_geeya/mcf_data_broadcast_3202c//release/lib//libgycas.a(gycas_ecm.o) (GYCAS_CRC32Calculate)
/d/3202c/prj/app/demo/dvbc/jade_demo_new_geeya/mcf_data_broadcast_3202c//release/lib//libgycas.a(gycas_vm.o)
                              /d/3202c/prj/app/demo/dvbc/jade_demo_new_geeya/mcf_data_broadcast_3202c//release/lib//libgycas.a(gycas_ecm.o) (GYCAS_VmDesBlocks)
/d/3202c/prj/app/demo/dvbc/jade_demo_new_geeya/mcf_data_broadcast_3202c//release/lib//libgycas.a(gycas_crc.o)
                              /d/3202c/prj/app/demo/dvbc/jade_demo_new_geeya/mcf_data_broadcast_3202c//release/lib//libgycas.a(gycas_utl.o) (GYCAS_CRCInitialize)
/d/3202c/prj/app/demo/dvbc/jade_demo_new_geeya/mcf_data_broadcast_3202c//release/lib//libgycas.a(gycas_des.o)
                              /d/3202c/prj/app/demo/dvbc/jade_demo_new_geeya/mcf_data_broadcast_3202c//release/lib//libgycas.a(gycas_smc_drv.o) (GYCAS_des_key)
/d/3202c/prj/app/demo/dvbc/jade_demo_new_geeya/mcf_data_broadcast_3202c//release/lib//libgycas.a(gycas_emm.o)
                              /d/3202c/prj/app/demo/dvbc/jade_demo_new_geeya/mcf_data_broadcast_3202c//release/lib//libgycas.a(gycas_mgr.o) (GYCAS_EMM_Initialize)
/d/3202c//sdk/libmlzo.a(slzo.o)
                              osd_rsc.o (unlzo)
/d/3202c/prj/app/demo/dvbc/jade_demo_new_geeya/mcf_data_broadcast_3202c//release/lib//liball.a(i2c_gpio.o)
                              board_config.o (i2c_gpio_attach)
/d/3202c/prj/app/demo/dvbc/jade_demo_new_geeya/mcf_data_broadcast_3202c//release/lib//liball.a(i2c_scb.o)
                              board_config.o (i2c_scb_attach)
/d/3202c/prj/app/demo/dvbc/jade_demo_new_geeya/mcf_data_broadcast_3202c//release/lib//liball.a(sci_16550uart.o)
                              root.o (sci_16550uart_attach)
/d/3202c/prj/app/demo/dvbc/jade_demo_new_geeya/mcf_data_broadcast_3202c//release/lib//liball.a(hld_dev.o)
                              root.o (dev_get_by_name)
/d/3202c/prj/app/demo/dvbc/jade_demo_new_geeya/mcf_data_broadcast_3202c//release/lib//liball.a(deca.o)
                              root.o (deca_open)
/d/3202c/prj/app/demo/dvbc/jade_demo_new_geeya/mcf_data_broadcast_3202c//release/lib//liball.a(decv.o)
                              root.o (vdec_open)
/d/3202c/prj/app/demo/dvbc/jade_demo_new_geeya/mcf_data_broadcast_3202c//release/lib//liball.a(dmx.o)
                              root.o (dmx_open)
/d/3202c/prj/app/demo/dvbc/jade_demo_new_geeya/mcf_data_broadcast_3202c//release/lib//liball.a(ge.o)
                              single_pic_ad/ad_pic_gfx.o (ge_lock)
/d/3202c/prj/app/demo/dvbc/jade_demo_new_geeya/mcf_data_broadcast_3202c//release/lib//liball.a(nim.o)
                              root.o (nim_open)
/d/3202c/prj/app/demo/dvbc/jade_demo_new_geeya/mcf_data_broadcast_3202c//release/lib//liball.a(osddrv.o)
                              cdca/win_osdmsg.o (OSDDrv_Open)
[...]
Memory Configuration

Name             Origin             Length             Attributes
ram              0x0000000080000000 0x0000000001000000 xrw
rom              0x00000000bfc00000 0x0000000000060000 xr
*default*        0x0000000000000000 0xffffffffffffffff

Linker script and memory map

LOAD board_config.o
LOAD cdca/win_ca_freepreviewing.o
LOAD cdca/win_ca_message.o
LOAD cdca/win_ca_operator_info.o
LOAD cdca/win_ca_operator_message.o
LOAD cdca/win_ca_password.o
LOAD cdca/win_ca_pinpwd.o
LOAD cdca/win_ca_popup_ipp.o
LOAD cdca/win_ca_smc_upg.o
LOAD cdca/win_ca_watchlevel.o
LOAD cdca/win_cas_com.o
LOAD cdca/win_cas_proc.o
LOAD cdca/win_fingerprint.o
LOAD cdca/win_mail.o
LOAD cdca/win_mail_content.o
LOAD cdca/win_mail_icon.o
LOAD cdca/win_osdmsg.o
LOAD cdca/win_smc_info.o
LOAD control.o
LOAD copper_common/backup_loader.o
LOAD copper_common/bat_private.o
LOAD copper_common/com_api.o
LOAD copper_common/com_epg.o
LOAD copper_common/menu_api.o
LOAD copper_common/ota_special.o
LOAD copper_common/stb_data.o
LOAD copper_common/stb_hwinfo.o
LOAD copper_common/system_data.o
LOAD data_bdcast_com.o
LOAD game_box.o
LOAD game_box_maps.o
LOAD game_othello.o
LOAD geeya_ad/adv_geeya.o
LOAD geeya_ad/GYAD_Api.o
LOAD geeya_ad/GYAD_Core.o
LOAD key.o
LOAD menus_root.o
LOAD osd_rsc.o
LOAD power.o
LOAD root.o
LOAD single_pic_ad/ad_pic.o
LOAD single_pic_ad/ad_pic_gfx.o
LOAD single_pic_ad/ad_pic_gif.o
LOAD single_pic_ad/ad_pic_img.o
LOAD single_pic_ad/ad_pic_png.o
LOAD ts_search/ts_search.o
LOAD win_advset.o
LOAD win_audio.o
LOAD win_audioset.o
LOAD win_book_detail.o
LOAD win_ca_bing.o
LOAD win_ca_set.o
LOAD win_chan_detail.o
LOAD win_chan_edit.o
LOAD win_chan_list.o
LOAD win_chan_manage.o
LOAD win_chan_management.o
LOAD win_chanedit_action.o
LOAD win_channel_info.o
LOAD win_child_lock.o
LOAD win_child_lock_list.o
LOAD win_com.o
LOAD win_com_list.o
LOAD win_com_popup.o
LOAD win_common_item.o
LOAD win_displayset.o
LOAD win_epg.o
LOAD win_epg_detail.o
LOAD win_factory_set.o
LOAD win_factoryset.o
LOAD win_freqset.o
LOAD win_full_band_scan.o
LOAD win_game_com.o
LOAD win_game_othello.o
LOAD win_games.o
LOAD win_languageset.o
LOAD win_light_channel_list.o
LOAD win_mainmenu.o
LOAD win_manual_search.o
LOAD win_manual_update.o
LOAD win_mute.o
LOAD win_new_signal.o
LOAD win_new_signal_test.o
LOAD win_nimreg.o
LOAD win_nvod.o
LOAD win_nvod_detail.o
LOAD win_nvod_event_bar.o
LOAD win_nvod_warn.o
LOAD win_password.o
LOAD win_pause.o
LOAD win_prog_input.o
LOAD win_prog_name.o
LOAD win_prog_search.o
LOAD win_pwd_set.o
LOAD win_reg.o
LOAD win_reserve_manage.o
LOAD win_search.o
LOAD win_signal.o
LOAD win_signal_test.o
LOAD win_signalstatus.o
LOAD win_stb_info.o
LOAD win_sys_information.o
LOAD win_sys_items.o
LOAD win_system_management.o
LOAD win_timer_set.o
LOAD win_volumebar.o
LOAD win_infomation.o
                0x0000000000000000                __BOOT_FROM_FLASH = 0x0
                0x0000000000000000                __BOOT_LOADER = 0x0
                0x0000000000000000                __DYNAMIC = 0x0
                0x0000000000000000                PROVIDE (__stack, 0x0)
                0x0000000080000200                __RAM_BASE = 0x80000200
                0x0000000080000200                __ROM_BASE = __BOOT_LOADER?0xbfc00000:__BOOT_FROM_FLASH?0xbfc00000:__RAM_BASE
                0x0000000080000200                __BOOT_ROM_ADDR = __BOOT_LOADER?0xbfb80000:__ROM_BASE

.boot           0x0000000080000200     0x1a48 load address 0x0000000080000200
 ../../../../../sdk/boot.o(.text)
 .text          0x0000000080000200     0x1a48 ../../../../../sdk/boot.o
                0x00000000800007a4                sys_ic_is_M3101
                0x00000000800016a0                __main
                0x0000000080001a08                sys_ic_get_ci_num
                0x0000000080001268                sys_ic_ddplus_is_enabled
                0x0000000080001254                sys_ic_ac3_is_enabled
                0x0000000080000c44                sys_ic_set_half_mode_strap_pin
                0x00000000800007d8                sys_ic_is_M3202
                0x00000000800003d0                _invalidate_cache
                0x000000008000122c                sys_ic_get_hd_enabled
                0x00000000800012f4                sys_reboot_load_entry
                0x00000000800013c8                sys_reboot_clear_exchange_data
                0x00000000800011f0                sys_ic_split_enabled
                0x00000000800012a4                sys_ic_aac_is_enabled
                0x000000008000135c                sys_reboot_set_exchange_data
                0x0000000080000640                sys_watchdog_reboot
                0x0000000080001394                sys_reboot_get_exchange_data
                0x0000000080000580                INT_General_Exception
                0x0000000080000b98                sys_ic_get_chip_mode
                0x0000000080001734                isatty
                0x0000000080000e90                M3105_get_bonding
                0x00000000800013fc                sflash_soft_protect_init
                0x00000000800014a0                pflash_soft_protect_init
                0x0000000080001aa0                sys_ic_get_mac_num
                0x0000000080001740                lseek
                0x0000000080000590                g_see_exception_handler
                0x0000000080000654                sys_ic_enter_standby
                0x0000000080001204                sys_ic_uart_disabled
                0x0000000080001708                write
                0x0000000080000f18                s3602f_get_bonding
                0x0000000080001754                fstat
                0x0000000080001588                powerdown_test
                0x00000000800006e8                sys_ic_exit_standby
                0x0000000080000870                sys_ic_get_rev_id
                0x0000000080000200                _start
                0x0000000080001bbc                sys_ic_sata_enable
                0x0000000080001218                sys_ic_ejtag_disabled
                0x00000000800016fc                read
                0x00000000800011dc                sys_ic_io_security_enabled
                0x0000000080000fe8                c3603_get_bonding
                0x0000000080001918                sys_ic_nim_m3501_support
                0x0000000080000c80                sys_ic_get_bonding
                0x00000000800016a8                sbrk
                0x0000000080000860                sys_ic_M3101_rev_id
                0x00000000800006fc                sys_ic_get_chip_id
                0x00000000800012b8                sys_ic_h264_is_enabled
                0x000000008000127c                sys_ic_divx_is_enabled
                0x00000000800014d0                pflash_write_soft_protect
                0x00000000800005a0                sys_ic_reboot
                0x0000000080001868                sys_ic_usb_port_enabled
                0x0000000080001514                powerdown_test_init
                0x00000000800012e0                sys_ic_get_product_id
                0x0000000080001318                sys_reboot_get_timer
                0x00000000800006b8                sys_ic_power_save
                0x00000000800009e8                sys_ic_get_cpu_clock
                0x0000000080001240                sys_ic_mv_is_enabled
                0x0000000080001290                sys_ic_divxplus_is_enabled
                0x0000000080001990                sys_ic_nim_support
                0x0000000080000568                _exit
                0x000000008000142c                sflash_write_soft_protect
                0x0000000080001b2c                sys_ic_hd_is_enabled
                0x000000008000080c                sys_ic_is_M3329D
                0x00000000800012cc                sys_ic_mp4_is_enabled
                0x0000000080001714                open
                0x0000000080001768                sys_ic_get_c3603_product
                0x0000000080000c14                sys_ic_get_half_mode_strap_pin
                0x00000000800017e0                sys_ic_get_usb_num
                0x0000000080001728                close
                0x00000000800011c8                sys_ic_dram_scramble_enabled
                0x0000000080000b4c                sys_ic_get_dram_clock
                0x0000000080001c48                __TEXT_RAM_ADDR = (__RAM_BASE +  SIZEOF (.boot))
                0x0000000080001c48                __TEXT_ROM_ADDR = (__BOOT_ROM_ADDR +  SIZEOF (.boot))

.text           0x0000000080001c48   0x16fab8 load address 0x0000000080001c48
 *(.init)
 *(.text)
 .text          0x0000000080001c48      0x548 board_config.o
                0x0000000080001df8                board_i2c_set
                0x0000000080001cc0                pin_mux_config
                0x0000000080001d58                snd_config_set
                0x0000000080001e88                nim_s3202_Tuner_Attatch
                0x0000000080001c48                smartcard_init
                0x0000000080001dd0                pan_attach
 .text          0x0000000080002190       0xd4 cdca/win_ca_freepreviewing.o
                0x0000000080002228                ap_cas_free_previewing_close
                0x0000000080002190                ap_cas_free_previewing_open
 .text          0x0000000080002264      0x198 cdca/win_ca_message.o
 .text          0x00000000800023fc      0x67c cdca/win_ca_operator_info.o
                0x0000000080002740                operator_got_info
                0x00000000800023fc                win_ca_operator_get_num
                0x0000000080002534                Operator_enter_key
                0x0000000080002408                comlist_menu_ca_operator_keymap
                0x0000000080002448                comlist_menu_ca_operator_callback
 .text          0x0000000080002a78       0xac cdca/win_ca_operator_message.o
 .text          0x0000000080002b24      0x714 cdca/win_ca_password.o
                0x0000000080002eb4                win_ca_pwd_open
 .text          0x0000000080003238      0x848 cdca/win_ca_pinpwd.o
                0x0000000080003238                win_pin_pwd_switch_confirm
                0x0000000080003310                win_pin_pwd_enter_proc
 .text          0x0000000080003a80      0xbac cdca/win_ca_popup_ipp.o
                0x0000000080003a80                ippbuy_got_info
                0x0000000080004414                ippbuy_enter_key_proc
                0x0000000080004618                verify_period_value
 .text          0x000000008000462c      0x5e8 cdca/win_ca_watchlevel.o
 .text          0x0000000080004c14     0x10dc cdca/win_cas_com.o
                0x00000000800053a8                CaculateSysDateToUTC
                0x000000008000513c                YMD_calculate
                0x0000000080004c24                pin_pwd_get_status
                0x0000000080005c7c                ap_cas_wait_sc_ok
                0x0000000080004c3c                pin_pwd_init
                0x0000000080005c4c                cas_sprintf
                0x0000000080004c14                pin_pwd_set_status
                0x0000000080004cc0                pin_pwd_set_str
                0x00000000800056cc                cas_popup_yesno_msg
                0x00000000800055d8                convert_sysdate_to_uni
                0x0000000080004fe0                pin_pwd_is_same
                0x0000000080005660                cas_popup_msg
                0x0000000080005738                win_init_pstring
                0x0000000080004e3c                pin_pwd_input
                0x0000000080005064                pin_pwd_len
                0x00000000800057c4                cas_inter_print
                0x000000008000554c                CaculateSysDateToGMT
                0x0000000080004f64                pin_pwd_drawback
 .text          0x0000000080005cf0     0x196c cdca/win_cas_proc.o
                0x000000008000762c                cas_get_pdsd
                0x0000000080007104                cas_feed_timer_handle
                0x0000000080006060                ap_cas_message_open_unicode
                0x0000000080006be8                cas_feed_card_popup
                0x0000000080005d20                ap_get_cas_notice_status
                0x000000008000694c                cas_cancel_lockservice
                0x0000000080006688                ap_cas_mail_proc
                0x0000000080005eec                ap_cas_disp_blackscreen
                0x00000000800070cc                ap_cas_periodic_check
                0x0000000080006a20                ap_cas_unlockservice_proc
                0x0000000080005d38                ap_tfcas_smcout_proc
                0x0000000080006a44                ap_cas_lockservice_proc
                0x00000000800064a4                ap_cas_fingerprint_proc
                0x0000000080005cf0                ap_set_signal_status
                0x0000000080006874                cas_dis_urgentbc
                0x0000000080005e00                ap_cas_OTA_upgrade
                0x00000000800069e8                cas_lock_timer_handle
                0x0000000080006128                ap_cas_smcin_proc
                0x0000000080007634                cas_init
                0x0000000080006dd0                ap_cas_feed_card
                0x0000000080005cfc                ap_get_signal_status
                0x0000000080005d14                ap_get_cas_urgency_status
                0x0000000080005d08                ap_get_cas_dispstr
                0x0000000080005d40                ap_cas_caslib_print
                0x00000000800062b4                ap_cas_message_setid
                0x00000000800071a8                ap_cas_message_proc
                0x00000000800061f8                cas_disp_blackscreen_task_del
                0x0000000080005dc8                ap_cas_OTA_check
                0x0000000080005fa8                ap_cas_message_open
                0x000000008000676c                ap_cas_ipp_popup_proc
                0x00000000800075bc                ap_cas_callback
                0x00000000800062bc                ap_cas_message_show
                0x00000000800060f0                ap_cas_message_close
 .text          0x000000008000765c      0x2cc cdca/win_fingerprint.o
                0x0000000080007788                show_finger_print
                0x0000000080007894                urgent_disp
 .text          0x0000000080007928     0x12b8 cdca/win_mail.o
                0x00000000800080ac                mail_delete_one
                0x0000000080007d80                mail_got_info
                0x00000000800081a8                mail_exec_delete
                0x0000000080007f08                mail_update_info
                0x0000000080008140                mail_delete_all
 .text          0x0000000080008be0      0x66c cdca/win_mail_content.o
 .text          0x000000008000924c       0xc0 cdca/win_mail_icon.o
                0x000000008000924c                ShowBMailOSDOnOff
                0x00000000800092ac                ShowDetitleOSDOnOff
 .text          0x000000008000930c     0x11f8 cdca/win_osdmsg.o
                0x0000000080009f1c                osdmsg_bottom_task
                0x0000000080009698                scroll_string
                0x000000008000a1a0                cas_osdmsg_task_init
                0x000000008000a494                get_ge_dst_surface
                0x00000000800094a4                osdmsg_display_stop
                0x000000008000a024                ap_osd_layer2_init
                0x000000008000930c                osdmsg_display_start
                0x0000000080009ca4                osdmsg_disp_bottom
                0x000000008000a4a0                cas_osdmsg_send
                0x0000000080009ef8                osdmsg_top_task
                0x0000000080009a50                osdmsg_disp_top
                0x000000008000a2b8                creat_ge_surface
                0x0000000080009f40                ap_osd_layer2_exit
 .text          0x000000008000a504      0x854 cdca/win_smc_info.o
 .text          0x000000008000ad58     0x3a30 control.o
                0x000000008000ad64                ap_hk_to_vk
                0x000000008000b200                ap_clear_all_menus
                0x000000008000ae3c                ap_vk_to_hk
                0x000000008000dc58                api_set_channel_info
                0x000000008000b530                ap_epg_call_back
                0x000000008000af04                ap_get_vk
                0x000000008000b61c                ap_get_key_msg
                0x000000008000afc4                CreateSubtitleRegion
                0x000000008000d670                win_popup_msg
                0x000000008000d87c                ap_OTA_upgrade
                0x000000008000dd60                api_stop_play
                0x000000008000dde8                ap_get_current_prog
                0x000000008000afcc                ap_osd_init
                0x000000008000af6c                ap_get_hk
                0x000000008000d48c                ap_signal_messag_proc
                0x000000008000e6c8                ap_nit_update_notify
                0x000000008000e52c                find_valid_channel
                0x000000008000bee0                system_init_process
                0x000000008000d2a0                ap_comand_message_proc
                0x000000008000b5f4                OTASpecialCB
                0x000000008000c318                NimDebugKeyProc
                0x000000008000da2c                cur_channel_is_scrambled
                0x000000008000c3a8                ap_key_commsg_proc
                0x000000008000b8f0                ap_task_init
                0x000000008000d6f0                ap_manual_upgrade
                0x000000008000ad58                ap_set_system_state
                0x000000008000ddf4                api_play_channel
                0x000000008000c90c                ap_timer_expire_proc
                0x000000008000b890                ap_osd_exit
                0x000000008000b364                ap_clear_all_message
                0x000000008000cb10                ap_timer_message_proc
                0x000000008000e6a0                gy_switch_debug_get
                0x000000008000da9c                reset_group
                0x000000008000b5c0                ap_pid_change
                0x000000008000b42c                ap_send_msg_expand
                0x000000008000da90                api_resume_play
                0x000000008000b39c                ap_send_msg
                0x000000008000db8c                api_set_frontend
                0x000000008000b4b8                time_refresh_callback
 .text          0x000000008000e788      0x5cc copper_common/backup_loader.o
                0x000000008000ea80                load_chunk_by_addr
                0x000000008000ec58                restore_upgloader
                0x000000008000e908                load_chunk_by_id
                0x000000008000eb84                backup_upgloader
                0x000000008000e788                backup_burn_flash
 .text          0x000000008000ed54      0xf28 copper_common/bat_private.o
                0x000000008000fa98                get_service_bouquet_info
                0x000000008000f7d0                bat_priv_info_init
                0x000000008000fb9c                update_services_info
 .text          0x000000008000fc7c     0x3644 copper_common/com_api.o
                0x0000000080010bc8                api_parse_defaultset_subblock
                0x00000000800115b4                set_next_wakeup_datetime
                0x000000008000ffec                boot_set_vdec_out
                0x000000008000fe80                api_video_get_tvout
                0x000000008000fce4                api_audio_gen_tonevoice
                0x000000008000fef4                api_osd_set_tv_system
                0x00000000800123c8                api_timers_proc
                0x000000008000fcb4                api_audio_set_mute
                0x00000000800118c0                api_compare_timer
                0x000000008000fc7c                api_feed_power_onoff
                0x0000000080010ff0                api_check_valid_date
                0x0000000080012154                api_get_first_timer
                0x0000000080010388                api_video_set_tvout
                0x000000008000ffa4                vdac_num_get
                0x0000000080010f60                api_check_is_leap_year
                0x0000000080010898                api_show_radio_logo
                0x00000000800101bc                api_YUV_OnOff
                0x00000000800131dc                api_fill_black_screen
                0x00000000800113c8                api_compare_day_time
                0x000000008000fd40                api_audio_beep_start
                0x0000000080011248                api_compare_time
                0x000000008000fe14                api_video_get_srcmode
                0x00000000800104a4                api_video_set_pause
                0x0000000080013184                api_sn_get
                0x0000000080010ea8                api_tv_radio_switch
                0x0000000080010988                api_show_menu_logo
                0x0000000080012de8                api_timer_resort
                0x00000000800105fc                api_osd_mode_change
                0x000000008001141c                api_compare_day_time_ext
                0x000000008000fde8                api_audio_beep_stop
                0x00000000800105b8                api_stop_timer
                0x00000000800107c8                api_show_bootup_logo
                0x0000000080012798                Hex2Dec
                0x000000008001074c                api_get_chuck_addlen
                0x00000000800116e8                update_yy_mm_dd
                0x00000000800110b0                api_correct_yy_mm_dd
                0x000000008000fd1c                api_audio_stop_tonevoice
                0x0000000080011470                api_get_time_len
                0x0000000080010a58                api_show_row_logo
                0x000000008000fdbc                api_audio_beep_set_interval
                0x00000000800131b0                api_mac_addr_get
                0x00000000800120f0                api_timers_running
                0x00000000800112a8                api_compare_time_ext
                0x0000000080011338                api_compare_day
                0x0000000080011bec                api_compare_timer_time
                0x000000008001054c                api_start_cycletimer
                0x0000000080011e58                api_check_timer
                0x0000000080012b80                api_get_recently_timer
                0x0000000080010050                api_Svideo_OnOff
                0x00000000800130a0                api_cur_channel_is_scrambled
                0x0000000080012ad0                api_set_audio_language
                0x000000008000fc84                api_audio_set_volume
                0x0000000080013120                api_hwsw_Info_get
                0x0000000080012824                get_ch_pids
                0x0000000080010504                api_start_timer
 .text          0x00000000800132c0      0x67c copper_common/com_epg.o
                0x0000000080013624                epg_get_event_all_short_detail
                0x00000000800132c0                epg_get_event_name
                0x0000000080013534                epg_get_event_language
                0x0000000080013580                epg_get_event_content_type
                0x000000008001389c                epg_get_cur_service_event
                0x00000000800134e8                epg_get_event_end_time
                0x000000008001349c                epg_get_event_start_time
                0x0000000080013754                epg_get_event_all_extented_detail
 .text          0x000000008001393c      0x280 copper_common/menu_api.o
                0x0000000080013b14                menu_enter_root
                0x0000000080013a60                GetCurWinNum
                0x00000000800139ac                menu_stack_pop_to
                0x0000000080013a34                menu_stack_pop
                0x0000000080013a6c                menu_stack_get_top
                0x000000008001393c                window_pos_in_stack
                0x00000000800139f8                menu_stack_push
                0x0000000080013a54                menu_stack_pop_all
                0x0000000080013a9c                menu_stack_get
 .text          0x0000000080013bbc      0x9b0 copper_common/ota_special.o
                0x0000000080013cdc                bcd2str
                0x0000000080014488                ota_get_tp_info
                0x0000000080014228                ota_table_request
                0x000000008001447c                ota_get_download_pid
                0x00000000800144c0                ota_callback_register
                0x00000000800144a8                ota_get_force_flag
                0x000000008001443c                ota_change_nim
                0x0000000080013c30                Str2UINT32
                0x0000000080013d58                sn_cmp
                0x00000000800144b4                ota_get_sw_version_ctrl
                0x0000000080013bbc                Char2Hex
 .text          0x000000008001456c      0x70c copper_common/stb_data.o
                0x000000008001476c                stb_info_data_init_chunk
                0x0000000080014ba8                stb_data_load
                0x0000000080014588                stb_info_data_init
                0x0000000080014578                stb_pan_display
                0x0000000080014a1c                stb_data_factory_init
                0x0000000080014580                stb_pan_display_revert
                0x0000000080014aec                stb_data_factory_complete
                0x000000008001456c                set_pan_display_type
 .text          0x0000000080014c78      0x9a4 copper_common/stb_hwinfo.o
                0x0000000080014d78                get_stb_hwinfo
                0x0000000080014ecc                cmd_process_monitor
                0x0000000080014d20                stb_hwinfo_get
                0x0000000080014e6c                get_stb_mac
                0x0000000080014fa0                api_set_com_check_flag
                0x0000000080014e10                get_stb_serial
                0x00000000800154a0                api_com_monitor
                0x0000000080014fac                cmd_stbid
 .text          0x000000008001561c     0x2130 copper_common/system_data.o
                0x0000000080016c50                sys_data_cur_group_inc_dec
                0x0000000080015fc8                sys_data_check_channel_groups
                0x0000000080015f24                sys_data_save
                0x0000000080016f5c                sys_data_get_menu_password
                0x0000000080017078                sys_data_select_language
                0x0000000080016f7c                sys_data_set_menu_lock
                0x000000008001561c                get_stream_lang_cnt
                0x0000000080016b78                sys_data_change_fav_group
                0x0000000080015628                get_stream_langm_cnt
                0x0000000080016810                sys_data_get_fav_group_channel
                0x000000008001701c                sys_data_set_utcoffset
                0x0000000080017558                do_set_display_effect
                0x0000000080016780                sys_data_get_sate_group_channel
                0x0000000080016718                sys_data_set_cur_group_channel
                0x00000000800165f8                sys_data_set_group_channel
                0x0000000080017538                sys_data_get_cur_satidx
                0x0000000080017320                sys_data_set_palette
                0x0000000080016320                sys_data_get_sate_group_num
                0x0000000080017480                sys_data_set_display_mode
                0x0000000080016fa4                sys_data_set_channel_lock
                0x0000000080016c24                set_special_group_channel
                0x000000008001703c                sys_data_gmtoffset_2_hmoffset
                0x00000000800172c8                sys_data_get_factory_reset
                0x0000000080016a08                sys_data_change_group
                0x00000000800172e0                sys_data_set_factory_reset
                0x0000000080016598                sys_data_get_cur_intgroup_index
                0x0000000080017674                sys_data_load_display_effect
                0x0000000080016748                sys_data_get_cur_group_channel
                0x0000000080016f2c                sys_data_get_menu_lock
                0x00000000800165a8                sys_data_set_cur_intgroup_index
                0x00000000800163b8                sys_data_get_fav_group_num
                0x000000008001700c                sys_data_get_utcoffset
                0x0000000080016f44                sys_data_get_channel_lock
                0x0000000080015944                sys_data_get
                0x0000000080016680                sys_data_get_group_channel
                0x00000000800165c8                sys_data_get_cur_group_cur_mode_channel
                0x0000000080016fcc                sys_data_set_menu_password
                0x0000000080016ffc                sys_data_set_chan_password
                0x0000000080016c9c                sys_data_group_inc_dec
                0x00000000800170b4                sys_data_select_audio_language
                0x0000000080017548                sys_data_set_cur_satidx
                0x0000000080015954                sys_data_load
                0x0000000080015fa4                sys_data_set_cur_chan_mode
                0x0000000080015634                sys_data_factroy_init
                0x000000008001652c                sys_data_set_cur_group_index
                0x0000000080016394                sys_data_get_local_group_num
                0x0000000080015f94                sys_data_get_cur_chan_mode
                0x0000000080016430                sys_data_get_cur_group_index
                0x00000000800162f4                sys_data_get_group_num
                0x00000000800168dc                sys_data_get_cur_mode_group_infor
                0x0000000080016f6c                sys_data_get_chan_password
 .text          0x000000008001774c       0xa4 data_bdcast_com.o
                0x000000008001774c                _generic__dbcast_message_send
 .text          0x00000000800177f0     0x134c game_box.o
                0x0000000080018570                SetMyFrame
                0x0000000080017a20                reset_M_pathIndex
                0x00000000800179c8                NewGame
                0x00000000800186e8                game_Box_init
                0x00000000800180c4                hide
                0x0000000080018578                Undo
                0x0000000080017f48                show
                0x00000000800179f4                Gamemain
 .text          0x0000000080018b3c     0x1b0c game_othello.o
                0x0000000080019838                init_board
                0x000000008001a278                computer_play
                0x000000008001927c                scan_bd_aixes
                0x0000000080018f64                scan_fd_aixes
                0x00000000800198e8                extend_node_one
                0x0000000080018b3c                scan_horiz_aixes
                0x000000008001a1c4                game_over
                0x000000008001a534                do_move_chess
                0x000000008001a120                get_chess_score
                0x0000000080019618                calc_board_status
                0x0000000080019d14                extend_node_two
                0x0000000080019730                find_move
                0x00000000800195a8                sample_calc_board_status
                0x0000000080018d40                scan_vertical_aixes
 .text          0x000000008001a648     0x1c8c geeya_ad/adv_geeya.o
                0x000000008001c1a0                GYSTBAD_End
                0x000000008001bab8                GYSTBAD_EraseNvram
                0x000000008001ad44                gyad_check_data_timeout
                0x000000008001bde8                GYSTBAD_WriteNvram_Logo_Menu
                0x000000008001b88c                GYSTBAD_GetBootVer
                0x000000008001a86c                gyad_filter_callback
                0x000000008001af34                GYSTBAD_RequestFree
                0x000000008001c1ac                gyad_get_channel_ad
                0x000000008001a6c8                gyad_demxu_set_mv
                0x000000008001b954                GYSTBAD_GetNvram
                0x000000008001a668                GYSTBAD_Free
                0x000000008001b108                GYSTBAD_SemaphoreUnlock
                0x000000008001a6a8                GYSTBAD_Memcpy
                0x000000008001a648                GYSTBAD_Malloc
                0x000000008001a688                GYSTBAD_Memset
                0x000000008001c094                GYSTBAD_Start
                0x000000008001b614                GYSTBAD_GetBootAd
                0x000000008001b9d4                GYSTBAD_ReadNvram
                0x000000008001b280                GYSTBAD_SaveBootAd
                0x000000008001bbac                GYSTBAD_WriteNvram
                0x000000008001ad14                GYSTBAD_Print
                0x000000008001b100                GYSTBAD_SemaphoreLock
                0x000000008001c174                GYSTBAD_ADExit
                0x000000008001c244                gyad_get_boot_logo
                0x000000008001abb4                GYSTBAD_RequestPrivateData
                0x000000008001b008                GYSTBAD_SetTS
 .text          0x000000008001c2d4      0x2a8 geeya_ad/GYAD_Api.o
                0x000000008001c458                GYADAPI_GetNvram
                0x000000008001c550                GYADSTB_GetAdInfo
                0x000000008001c314                GYADAPI_Memset
                0x000000008001c3b0                GYADAPI_SetTS
                0x000000008001c438                GYADAPI_GetBootVer
                0x000000008001c410                GYADAPI_SaveBootAd
                0x000000008001c3f0                GYADAPI_SemaphoreUnlock
                0x000000008001c2d4                GYADAPI_Malloc
                0x000000008001c2f4                GYADAPI_Free
                0x000000008001c478                GYADAPI_ReadNvram
                0x000000008001c38c                GYADAPI_RequestFree
                0x000000008001c334                GYADAPI_Memcpy
                0x000000008001c4f8                GYADSTB_ADStart
                0x000000008001c498                GYADAPI_EraseNvram
                0x000000008001c354                GYADAPI_RequestPrivateData
                0x000000008001c4b8                GYADAPI_WriteNvram
                0x000000008001c51c                GYADSTB_PrivateDataGot
                0x000000008001c4d8                GYADAPI_Exit
                0x000000008001c3d0                GYADAPI_SemaphoreLock
 .text          0x000000008001c57c     0x2a44 geeya_ad/GYAD_Core.o
                0x000000008001e95c                GYADCore_Start
                0x000000008001c5e8                crc_fast_calculate
                0x000000008001ede8                GYADCore_GetAdInfo
                0x000000008001ea84                GYADCore_PrivateDataGot
                0x000000008001c57c                crc_setup_fast_lut
 .text          0x000000008001efc0      0x9ec key.o
                0x000000008001efc0                key_task_suspend
                0x000000008001f7ec                key_pan_display_channel
                0x000000008001f088                multi_key_to_hk_msg
                0x000000008001f6ac                key_Init
                0x000000008001f020                key_get_key
                0x000000008001f718                key_pan_display
                0x000000008001efdc                key_set_upgrade_check_flag
                0x000000008001efe8                key_set_signal_check_flag
                0x000000008001effc                key_set_enable_flag
                0x000000008001f350                key_monitor_com
                0x000000008001f950                key_pan_display_power
                0x000000008001efd0                key_task_resume
                0x000000008001f15c                key_check_signal_status
                0x000000008001f864                key_pan_display_lock
                0x000000008001f008                key_device_init
                0x000000008001f8d8                key_pan_display_standby
 .text          0x000000008001f9ac      0x168 menus_root.o
                0x000000008001f9ac                menus_find_root
                0x000000008001fa60                menus_find_root_nvodmode
 .text          0x000000008001fb14     0x1754 osd_rsc.o
                0x0000000080021124                RSC_font_init
                0x0000000080020f04                OSDExt_GetWinStyle
                0x00000000800209bc                ScrollString
                0x00000000800209b0                GetScrollStopFlag
                0x0000000080020f5c                RSC_expand
                0x0000000080020194                OSD_GetLangEnvironment
                0x0000000080020e5c                OSD_GetDefaultFontLib
                0x0000000080020570                OSD_GetRscObjData_ext
                0x0000000080020eb8                OSDExt_GetMsgLibId
                0x00000000800211d0                RSC_bmp_init
                0x00000000800209a4                SetScrollStopFlag
                0x00000000800201a0                OSD_SetLangEnvironment
                0x000000008002020c                OSD_GetRscObjData
                0x0000000080020e50                OSD_ReleaseObjData
                0x0000000080020d04                OSD_GetObjInfo
 .text          0x0000000080021268      0x418 power.o
                0x000000008002138c                power_on_process
                0x0000000080021428                power_switch
                0x0000000080021268                power_off_process
 .text          0x0000000080021680     0x17c4 root.o
                0x0000000080022b70                api_get_fastplay_flag
                0x0000000080022e3c                getpid
                0x0000000080022b7c                stb_info_check
                0x0000000080021fb8                vp_vdac_init
                0x0000000080022e34                kill
                0x0000000080022ce4                AppInit
                0x0000000080021680                init_vbv_buffer
                0x0000000080022910                regist_device_to_manage
                0x000000008002297c                api_fastplay_service
 .text          0x0000000080022e44      0xbc8 single_pic_ad/ad_pic.o
                0x0000000080022e44                ad_pic_init
                0x0000000080022fe8                close_ad_pic
                0x0000000080023318                show_flash_pic
                0x0000000080022ef8                ad_pic_exit
                0x0000000080023598                show_channel_ad
                0x0000000080023890                refresh_main_menu_adv
 .text          0x0000000080023a0c      0x910 single_pic_ad/ad_pic_gfx.o
                0x0000000080023ee8                ad_pic_gfx_draw
                0x0000000080024094                ad_pic_gfx_fill
                0x00000000800242f0                ad_pic_get_ge_surface
                0x0000000080024310                ad_pic_get_ge_region_id
                0x0000000080023cb8                ad_pic_show_on
                0x00000000800241dc                ad_pic_gfx_clear
                0x0000000080023a0c                ad_pic_gfx_init
                0x0000000080023d38                ad_pic_gfx_exit
 .text          0x000000008002431c      0x684 single_pic_ad/ad_pic_gif.o
                0x0000000080024900                ad_pic_gif_close
                0x0000000080024710                ad_pic_gif_draw
                0x000000008002465c                ad_pic_gif_init
                0x00000000800248ac                ad_pic_gif_stop
 .text          0x00000000800249a0      0x484 single_pic_ad/ad_pic_img.o
                0x0000000080024dfc                ad_pic_img_close
                0x0000000080024dbc                ad_pic_img_draw
                0x0000000080024dec                ad_pic_img_clear
 .text          0x0000000080024e24      0x43c single_pic_ad/ad_pic_png.o
                0x000000008002507c                ad_pic_png_init
                0x0000000080025230                ad_pic_png_close
                0x00000000800251e8                ad_pic_png_draw
 .text          0x0000000080025260      0x198 win_advset.o
 .text          0x00000000800253f8      0x258 win_audio.o
 .text          0x0000000080025650      0x21c win_audioset.o
 .text          0x000000008002586c      0x65c win_book_detail.o
                0x000000008002586c                play_time
 .text          0x0000000080025ec8      0x2dc win_ca_bing.o
                0x000000008002611c                smc_binding_info_display
 .text          0x00000000800261a4      0x1d0 win_ca_set.o
 .text          0x0000000080026374      0x854 win_chan_detail.o
 .text          0x0000000080026bc8     0x1084 win_chan_edit.o
 .text          0x0000000080027c4c     0x1290 win_chan_list.o
                0x0000000080027c4c                ChanListSetTitleID
                0x0000000080027c5c                ChanListSetModeChangedFlag
 .text          0x0000000080028edc      0x288 win_chan_manage.o
 .text          0x0000000080029164      0x374 win_chan_management.o
 .text          0x00000000800294d8      0x5bc win_chanedit_action.o
 .text          0x0000000080029a94      0x884 win_channel_info.o
 .text          0x000000008002a318      0x2c0 win_child_lock.o
 .text          0x000000008002a5d8      0x9bc win_child_lock_list.o
 .text          0x000000008002af94     0x30a4 win_com.o
                0x000000008002da40                wincom_scroll_textfield_pause
                0x000000008002af94                wincom_open_title
                0x000000008002bb20                wincom_close_help
                0x000000008002dffc                find_prg_id_from_index
                0x000000008002dc5c                increase_val_inuncode
                0x000000008002ca30                get_tuner_sat_cnt
                0x000000008002de30                group_get_name
                0x000000008002cd40                remove_menu_item
                0x000000008002d058                wincom_AscToMBUni
                0x000000008002d320                wincom_mbs_to_i_with_dot
                0x000000008002c338                comlist_chgrpall_callback
                0x000000008002b254                wincom_draw_epg_title_time
                0x000000008002b3d8                wincom_draw_time_ext
                0x000000008002df68                display_strs_init
                0x000000008002da78                wincom_scroll_get_over
                0x000000008002d10c                wincom_i_to_mbs
                0x000000008002de24                setVolumeOn
                0x000000008002daa8                wincom_scroll_textfield
                0x000000008002de18                getVolumeState
                0x000000008002dc04                Draw_pop_info
                0x000000008002d430                ForceToScrnDonothing
                0x000000008002c10c                wincom_close_preview
                0x000000008002ca68                get_tuner_sat_name
                0x000000008002bd88                wincom_open_preview_ext
                0x000000008002c428                comlist_chgrpfav_callback
                0x000000008002b558                wincom_draw_title_time
                0x000000008002b7e0                wincom_open_help
                0x000000008002cedc                ComStrCat
                0x000000008002ca24                get_tuner_cnt
                0x000000008002d6dc                DrawGrpName
                0x000000008002d9b0                wincom_restore_region
                0x000000008002c540                comlist_chanlist_callback
                0x000000008002c674                win_com_open_sub_list
                0x000000008002dd7c                is_larger_than_1m
                0x000000008002d774                Draw_localGrp_Name
                0x000000008002da34                wincom_scroll_set_delay_cnt
                0x000000008002d8f4                win_clear_trash
                0x000000008002b714                wincom_open_title_ext
                0x000000008002bc18                setMtxt
                0x000000008002ccf4                get_cur_group_name
                0x000000008002be30                wincom_draw_preview_frame
                0x000000008002cf84                ComInt2Str
                0x000000008002b7b4                wincom_close_title
                0x000000008002bf58                wincom_preview_proc
                0x000000008002d698                del_from_timer
                0x000000008002b744                wincom_open_title_by_str
                0x000000008002ca3c                get_tuner_sat
                0x000000008002d92c                wincom_backup_region
                0x000000008002dcec                decrease_val_inuncode
                0x000000008002d3b4                display_str_init
                0x000000008002da5c                wincom_scroll_textfield_stop
                0x000000008002d48c                BackToFullScrPlay
                0x000000008002d150                wincom_mbs_to_i
                0x000000008002bb4c                PreviewVolProc
                0x000000008002cb48                get_tp_name
                0x000000008002cc38                get_chan_group_name
                0x000000008002bc24                wincom_open_preview
                0x000000008002c158                comlist_satlist_callback
                0x000000008002afe4                timer_InOrDecrease
                0x000000008002d5cc                restore_scene
                0x000000008002d1c0                wincom_i_to_mbs_with_dot
                0x000000008002da50                wincom_scroll_textfield_resume
                0x000000008002c248                comlist_tplist_callback
                0x000000008002d634                record_scene
 .text          0x000000008002e038      0xd38 win_com_list.o
                0x000000008002e970                win_comlist_ext_set_win_style
                0x000000008002ec10                win_comlist_ext_set_item_attr
                0x000000008002e66c                set_obj_wh
                0x000000008002eb78                win_comlist_ext_set_item_cur
                0x000000008002e3d8                win_comlist_set_sizestyle
                0x000000008002e67c                set_bar_h
                0x000000008002e250                win_comlist_set_frame
                0x000000008002ebc8                win_comlist_ext_enable_scrollbar
                0x000000008002e8ac                win_comlist_ext_set_title
                0x000000008002e494                win_comlist_set_str
                0x000000008002ea64                win_comlist_ext_set_selmark_xaligen
                0x000000008002e9c4                win_comlist_ext_set_ol_items_allstyle
                0x000000008002ec54                win_comlist_popup
                0x000000008002e588                win_comlist_get_selitem
                0x000000008002e448                win_comlist_set_align
                0x000000008002e688                win_comlist_ext_set_ol_frame
                0x000000008002eac4                win_comlist_ext_get_sel_items
                0x000000008002e640                win_comlist_close
                0x000000008002eb20                win_comlist_ext_set_item_sel
                0x000000008002ea54                win_comlist_ext_set_selmark
                0x000000008002ead8                win_comlist_ext_check_item_sel
                0x000000008002e610                win_comlist_open
                0x000000008002ece0                win_comlist_popup_ext
                0x000000008002e128                win_comlist_clear_sel
                0x000000008002e168                win_comlist_reset
                0x000000008002ea30                win_comlist_ext_set_title_style
                0x000000008002e5b8                win_comlist_set_mapcallback
                0x000000008002e994                win_comlist_ext_set_ol_items_style
 .text          0x000000008002ed70     0x12d4 win_com_popup.o
                0x000000008002f8dc                win_com_backup_rect
                0x000000008002f248                win_compopup_set_msg
                0x000000008002f884                win_com_popup_open
                0x000000008002fac8                win_compopup_open_ext
                0x000000008002ed70                win_compopup_get_status
                0x000000008002fa44                win_com_restore_rect
                0x000000008002ed7c                win_compopup_set_status
                0x000000008002f514                win_compopup_set_btnstr
                0x000000008002fdc0                win_compopup_open_timer
                0x000000008002fc6c                win_compopup_smsg_restoreback
                0x000000008002f858                win_compopup_close
                0x000000008002f758                win_compopup_set_pos
                0x000000008002f174                win_compopup_set_title
                0x000000008002f7b0                win_compopup_open
                0x000000008002eeec                win_compopup_init
                0x000000008002f798                win_compopup_set_default_choice
                0x000000008002f45c                win_compopup_set_msg_ext
                0x000000008002fcf4                win_compopup_set_mpbtn
                0x000000008002f55c                win_compopup_set_frame
 .text          0x0000000080030044     0x1260 win_common_item.o
                0x0000000080031064                win_avratio_get_index
                0x0000000080031134                win_tvmode_get_index
                0x00000000800310a4                win_av_set_ratio
                0x0000000080031198                set_video_output
                0x00000000800311fc                set_display_effect_param_scaling
                0x0000000080031178                tvmode_osd_to_setting
 .text          0x00000000800312a4      0x6a4 win_displayset.o
                0x00000000800318b8                win_av_set_display_scale
                0x0000000080031878                win_display_scale_get_index
 .text          0x0000000080031948     0x2078 win_epg.o
 .text          0x00000000800339c0      0x790 win_epg_detail.o
                0x0000000080033f98                win_epg_detail_open
 .text          0x0000000080034150      0x304 win_factory_set.o
 .text          0x0000000080034454      0x29c win_factoryset.o
 .text          0x00000000800346f0      0x59c win_freqset.o
 .text          0x0000000080034c8c      0x8b4 win_full_band_scan.o
                0x0000000080035038                setAutoFullbandScan
                0x000000008003537c                get_search_param
                0x0000000080035044                nochannel_startScan
                0x000000008003502c                getAutoFullbandScan
                0x0000000080035534                get_qam_from_full_ban
                0x0000000080035528                get_symbol_from_full_ban
                0x00000000800354fc                reset_search_param
 .text          0x0000000080035540      0x780 win_game_com.o
                0x00000000800356d0                get_game_id
                0x00000000800355f0                update_status
                0x0000000080035728                drawBitmap
                0x00000000800356dc                set_game_id
                0x0000000080035540                setup_game_panel
                0x00000000800356e8                drawSquare
                0x000000008003567c                update_status_box
 .text          0x0000000080035cc0      0xa40 win_game_othello.o
                0x00000000800366b0                game_othello_init
 .text          0x0000000080036700      0x36c win_games.o
 .text          0x0000000080036a6c      0x270 win_languageset.o
 .text          0x0000000080036cdc      0x9c8 win_light_channel_list.o
 .text          0x00000000800376a4      0xad0 win_mainmenu.o
                0x00000000800376a4                get_main_menu_adv_show_status
                0x00000000800380b0                show_black
                0x0000000080038104                fill_black
 .text          0x0000000080038174      0xa98 win_manual_search.o
                0x0000000080038bf4                get_symbol_from_manual
                0x0000000080038be8                get_freq_from_manual
                0x0000000080038c00                get_qam_from_manual
 .text          0x0000000080038c0c      0x6c4 win_manual_update.o
                0x0000000080039290                manual_upgrade_get_param
                0x0000000080039268                manual_upgrade_set_param
                0x00000000800392c0                manual_upgrade_get_param_pid
 .text          0x00000000800392d0      0x268 win_mute.o
                0x0000000080039308                ShowMuteOSDOnOff
                0x0000000080039498                SetMuteState
                0x00000000800394d0                restore_back
                0x00000000800393dc                SetMuteOnOff
                0x00000000800393b0                ShowMuteOnOff
                0x00000000800392d0                GetMuteState
                0x00000000800392dc                MuteOSDClear
                0x0000000080039468                GetMuteRect
                0x00000000800394c8                backup_back
                0x00000000800394d8                SetMuteOnOff_ext
                0x00000000800394a4                mute_onoff_onmenu
 .text          0x0000000080039538      0x6b0 win_new_signal.o
 .text          0x0000000080039be8      0x628 win_new_signal_test.o
                0x0000000080039d04                new_win_signal_open_tplist
                0x0000000080039db4                new_win_signal_close
                0x0000000080039c44                new_win_signal_open
                0x000000008003a208                new_dem_signal_to_display
                0x0000000080039dc4                new_win_signal_update
                0x0000000080039be8                new_win_signal_set_level_quality
 .text          0x000000008003a210     0x3100 win_nvod.o
                0x000000008003cbd0                Draw_help_info
                0x000000008003d1a0                get_event_for_timer
                0x000000008003ca18                CovertByOffset
                0x000000008003a3a8                SetNvodFromTimerFlag
                0x000000008003a3b4                GetNvodFromTimerFlag
                0x000000008003b628                win_nvod_msg_translate
                0x000000008003d2f4                set_nt_event_para
                0x000000008003cfb8                reset_all_flags
                0x000000008003cd54                nvod_back_from_timer
                0x000000008003cff8                get_remain_time
                0x000000008003a3c0                GetNvodPlayFlag
                0x000000008003a3e8                GetNvodModeFlag
                0x000000008003d304                reset_update_flag
                0x000000008003b6e0                NvodGetCurRefEventPos
                0x000000008003a3cc                SetNvodPlayFlag
                0x000000008003a3f4                SetNvodModle
                0x000000008003d228                nvod_stop_play
                0x000000008003cc78                show_pop_up_info
                0x000000008003c40c                win_nvod_get_preview_rect
                0x000000008003d284                nvod_wait_play
                0x000000008003cce0                nvod_rise_from_timer
                0x000000008003a3dc                ReSetNvodPlayFlag
                0x000000008003ce4c                get_played_event
                0x000000008003a400                GetCurEvent
                0x000000008003af48                GetRefEventStartEndTime
                0x000000008003a7c8                do_play_nvod_channel
                0x000000008003a294                Get_NVOD_Scan_status
                0x000000008003c9b4                NvodUpdateTimeList
                0x000000008003ca68                SetNvodScanOverFlag
                0x000000008003d098                nvod_draw_remain_time
 .text          0x000000008003d310      0x218 win_nvod_detail.o
                0x000000008003d38c                win_nvod_detail_set_infor
                0x000000008003d45c                win_nvod_detail_set_refname
 .text          0x000000008003d528      0x8b0 win_nvod_event_bar.o
                0x000000008003d528                win_nvod_event_draw_infor
                0x000000008003dd78                time_splice
                0x000000008003dd00                nvod_event_unknow_proc
                0x000000008003da4c                win_nvod_event_redraw
 .text          0x000000008003ddd8      0x630 win_nvod_warn.o
                0x000000008003ddfc                setBackfromNVOD
                0x000000008003ddd8                SetNvodProgID
                0x000000008003ddf0                getBackfromNVOD
                0x000000008003dde4                GetNvodProgID
 .text          0x000000008003e408      0x77c win_password.o
                0x000000008003eac0                PwdChangePos
                0x000000008003e478                SetPwdCheckCB
                0x000000008003eab4                set_pwd_len
                0x000000008003e7a4                win_pwd_open
 .text          0x000000008003eb84      0x198 win_pause.o
                0x000000008003ec38                ShowPauseOnOff
                0x000000008003eb90                ShowPauseOSDOnOff
                0x000000008003ec64                SetPauseOnOff
                0x000000008003eb84                GetPauseState
                0x000000008003ed00                SetPauseStatus
                0x000000008003ecd0                GetPauseRect
 .text          0x000000008003ed1c      0x3d8 win_prog_input.o
                0x000000008003ed1c                prog_input_timer_func
 .text          0x000000008003f0f4     0x17e4 win_prog_name.o
                0x000000008003ff2c                win_progname_stop_scroll
                0x000000008003f0f4                win_progname_set_info
                0x0000000080040488                change_group
                0x00000000800400a8                change_channel
                0x000000008004026c                change_fav_channel
                0x000000008003f854                progname_timer_func
                0x000000008003f7dc                win_progname_redraw
                0x00000000800405ec                recall_play_channel
 .text          0x00000000800408d8      0x364 win_prog_search.o
 .text          0x0000000080040c3c      0x61c win_pwd_set.o
                0x0000000080040e20                win_pl_input_number
                0x0000000080040ca0                win_pl_set_password_str
                0x0000000080040c3c                win_par_switch_confirm
 .text          0x0000000080041258      0xc18 win_reserve_manage.o
 .text          0x0000000080041e70     0x1a40 win_search.o
                0x0000000080043868                gy_force_search_setflag
                0x0000000080043788                set_last_searched_prog
                0x00000000800431a8                DrawSearchParamInfo
                0x00000000800436d4                SetSearchParamMode
                0x0000000080043430                win_set_search_param
                0x0000000080043334                InitSearchParamInfo
                0x0000000080041ee0                group_by_bat
                0x0000000080042428                win_search_set_param
                0x0000000080043794                get_last_searched_prog
 .text          0x00000000800438b0      0x628 win_signal.o
                0x00000000800439cc                win_signal_open_tplist
                0x00000000800438b0                win_signal_set_level_quality
                0x000000008004390c                win_signal_open
                0x0000000080043a7c                win_signal_close
                0x0000000080043ed0                dem_signal_to_display
                0x0000000080043a8c                win_signal_update
 .text          0x0000000080043ed8      0x8f4 win_signal_test.o
 .text          0x00000000800447cc      0x610 win_signalstatus.o
                0x0000000080044944                GetSignalStatus
                0x0000000080044d98                restore_signal_osd
                0x000000008004492c                set_block_status
                0x00000000800448c0                SetChannelParrentLock
                0x00000000800448e4                SetSignalStopFlag
                0x0000000080044938                get_block_status
                0x0000000080044c74                GetSignalStatausShow
                0x0000000080044908                GetSignalStoped
                0x0000000080044c80                ShowSignalStatusOSDOnOff
                0x0000000080044cdc                ShowSignalStatusOnOff
                0x0000000080044d54                shift_signal_osd
                0x0000000080044918                GetChannelParrentLock
                0x0000000080044d48                SetChannelNimBusy
                0x0000000080044d18                GetSignalStatusRect
 .text          0x0000000080044ddc      0x538 win_stb_info.o
 .text          0x0000000080045314      0x284 win_sys_information.o
 .text          0x0000000080045598      0x3f0 win_sys_items.o
                0x000000008004597c                SetUsbMountFlag
 .text          0x0000000080045988      0x2cc win_system_management.o
 .text          0x0000000080045c54     0x1aa8 win_timer_set.o
                0x000000008004738c                insert_timer
                0x000000008004615c                set_container_active
                0x00000000800466f0                win_timerset_timerserviceinfo_change
                0x0000000080046f40                find_available_timer
                0x0000000080046188                win_timer_load
                0x0000000080046c4c                win_timerset_open
                0x0000000080047630                find_timer_with_st
                0x00000000800470f0                IsValidTimer
                0x0000000080046800                win_timerset_set_currenttime
                0x0000000080047538                resort_timer
                0x0000000080046550                win_timerset_timerservice_change
                0x00000000800468a0                win_timerset_check_and_save
                0x0000000080046fc4                find_suited_timer
                0x0000000080046408                win_timerset_timermode_change
 .text          0x00000000800476fc      0x354 win_volumebar.o
 .text          0x0000000080047a50      0x1b4 win_infomation.o
 .text          0x0000000080047c04     0x15c0 /d/3202c/prj/app/demo/dvbc/jade_demo_new_geeya/mcf_data_broadcast_3202c//release/lib//libgycas.a(gycas_api.o)
                0x0000000080047c1c                GYCAS_GetNetworkTag
                0x0000000080047d78                GYCA_GetCardArea
                0x00000000800489f0                GYCA_SelectLanguage
                0x0000000080047dfc                GYCAS_API_OnPrivateData
                0x0000000080047e08                GYCAS_API_OnBGInfo
                0x0000000080048874                GYCAS_CompareMachineType
                0x0000000080048838                GYCAS_HideFingerMessage
                0x0000000080048be0                GYCA_IPPVStopBuyDlg
                0x00000000800484a0                GYCAS_HideNoticeMessage
                0x0000000080048a0c                GYCA_GetVersionInfo
                0x0000000080047c28                GYCA_IPPTGetBoughtRecord
                0x0000000080047c94                GYCAS_GetStbSerialNo
                0x0000000080047e30                GYCAS_APPEventCallback
                0x0000000080047c34                GYCA_IsSonCard
                0x00000000800485ac                GYCAS_HideOSDMessage
                0x0000000080047c04                GYCA_RegisterNetworkInfo
                0x00000000800483e4                GYCAS_ShowNoticeMessage
                0x00000000800488ec                GYCAS_CompareMachineVersion
                0x000000008004862c                GYCAS_ShowFingerMessage
                0x00000000800491b8                GYCA_GetLicenseData
                0x0000000080047df0                GYCAS_API_OnEventSample
                0x0000000080048a9c                GYCA_MachineInfoRegister
                0x0000000080047dc0                GYCA_RegisterAvaegisAPPEventCallback
                0x00000000800484f8                GYCAS_ShowOSDMessage
                0x0000000080048744                GYCAS_ShowVmProgress
                0x0000000080048964                GYCAS_UpdateMachineAppVersion
                0x00000000800491ac                GYCA_SetLicenseData
 .text          0x00000000800491c4     0x2688 /d/3202c/prj/app/demo/dvbc/jade_demo_new_geeya/mcf_data_broadcast_3202c//release/lib//libgycas.a(gycas_ecm.o)
                0x000000008004a1b8                GYCAS_ECM_GetGroupCufb
                0x0000000080049dbc                GYCAS_IPPVStartBuyDlg
                0x000000008004a67c                GYCAS_ECM_CheckCardCufbFlag
                0x0000000080049e64                GYCAS_ECM_CheckCardExpired
                0x0000000080049684                GYCAS_SmcWriteParentCUFB
                0x000000008004b680                GYCAS_ClearFilterFlag
                0x000000008004a8fc                GYCAS_ECM_OnIppvInfo
                0x000000008004b648                GYCAS_GetCurrentDateTime
                0x000000008004b6e8                GYCAS_ClearIppvInfo
                0x0000000080049678                GYCAS_ECM_OnAudienceSample
                0x0000000080049574                GYCAS_ECM_OnConditionalAccess
                0x000000008004a0e0                GYCAS_ECM_CheckCardArea
                0x00000000800491c4                GYCA_GetMJDTime
                0x000000008004b694                GYCAS_ECM_Initialize
                0x000000008004a754                GYCAS_ECM_DecryptServiceCw
                0x000000008004b740                GYCAS_GetEcmTimeSecond
                0x0000000080049348                GYCAS_ECM_OnFilterCmp
                0x000000008004aab4                GYCAS_PlainECM
                0x000000008004b71c                GYCAS_GetIppvInfo
                0x000000008004988c                GYCAS_SmcGetParentCUFB
                0x000000008004a528                GYCAS_ECM_GetCufb
                0x000000008004a728                GYCAS_ECM_CheckStbArea
                0x0000000080049c3c                GYCAS_GetMJDYMD
 .text          0x000000008004b84c     0x1550 /d/3202c/prj/app/demo/dvbc/jade_demo_new_geeya/mcf_data_broadcast_3202c//release/lib//libgycas.a(gycas_mgr.o)
                0x000000008004bf34                GYCA_SetEcmPID
                0x000000008004c334                GYCAS_GetRequestECMPid
                0x000000008004c654                GYCA_SetEmmPID
                0x000000008004b84c                GYCAS_SendEmmEcmSetFilterMsg
                0x000000008004c900                GYCA_TableReceived
                0x000000008004c73c                GYCAS_CheckVmVer
                0x000000008004c818                GYCAS_CheckCardState
                0x000000008004b954                GYCA_Initialize
                0x000000008004cd90                GYCAS_GetCurrentECMPid
                0x000000008004bf24                GYCAS_GetLastServiceInfo
                0x000000008004c8ec                GYCAS_CAMM_CheckDebug
                0x000000008004c6dc                GYCAS_VmReloadFlashCode
                0x000000008004befc                GYCAS_SendMessage2CAMM
 .text          0x000000008004cd9c      0x9d8 /d/3202c/prj/app/demo/dvbc/jade_demo_new_geeya/mcf_data_broadcast_3202c//release/lib//libgycas.a(gycas_mmm.o)
                0x000000008004d05c                GYCAS_MMM_ReadParentRecord
                0x000000008004d620                GYCAS_MMM_GetLocalVmSize
                0x000000008004d1c4                GYCAS_MMM_GenerateStbSn
                0x000000008004ce94                GYCAS_MMM_WriteParentRecord
                0x000000008004d5d4                GYCAS_MMM_GetLocalVmVer
                0x000000008004d678                GYCAS_MMM_GetVmCode
                0x000000008004cd9c                GYCAS_MMM_Initialize
                0x000000008004d4f4                GYCAS_MMM_WriteVmCode
                0x000000008004d438                GYCAS_MMM_ReadStbSn
 .text          0x000000008004d774     0x1dbc /d/3202c/prj/app/demo/dvbc/jade_demo_new_geeya/mcf_data_broadcast_3202c//release/lib//libgycas.a(gycas_smc.o)
                0x000000008004eb04                GYCA_GetSMCEntitleInfo
                0x000000008004f3f4                GYCAS_IsAccService
                0x000000008004f34c                GYCA_SetParentControl
                0x000000008004e3ec                GYCAS_SendMessage2SCTM
                0x000000008004e9f8                GYCA_IPPVGetBurseInfo
                0x000000008004e5cc                GYCAS_GetSMCSn
                0x000000008004e9b4                GYCA_GetSMCTokenInfo
                0x000000008004f004                GYCA_SetSMCUserLevel
                0x000000008004dd88                GYCAS_ClearAllEmmMsg
                0x000000008004e63c                GYCA_GetPaired
                0x000000008004f1f4                GYCA_ChangePin
                0x000000008004ed24                GYCA_GetProductEntitles
                0x000000008004dfa8                GYCA_SC_ValidateATR
                0x000000008004f138                GYCA_GetOperatorInfo
                0x000000008004e0b4                GYCAS_SMCT_HandleSmcStateUpdate
                0x000000008004e6f0                GYCA_SetPaired
                0x000000008004eebc                GYCA_GetSMCUserType
                0x000000008004d988                GYCAS_SMTM_Initialize
                0x000000008004e604                GYCA_GetSMCID
                0x000000008004ef30                GYCA_GetSMCMotherSonType
                0x000000008004e4a0                GYCA_GetSMCIssueInfoEx
                0x000000008004ee64                GYCA_GetEntileExpiredMJDTime
                0x000000008004e430                GYCA_GetSMCIssueInfo
                0x000000008004dc08                GYCAS_SmcGetLastError
                0x000000008004f388                GYCA_GetParentControl
                0x000000008004efa4                GYCA_GetSMCUserLevel
                0x000000008004dba4                GYCAS_SmcOperation
                0x000000008004ebe8                GYCAS_ParseEntitles
                0x000000008004e09c                GYCA_IsMatchCAID
                0x000000008004dc44                GYCAS_SCTM_SendTSResponse
                0x000000008004d774                GYCAS_GetStbIdentifyEx
 .text          0x000000008004f530     0x277c /d/3202c/prj/app/demo/dvbc/jade_demo_new_geeya/mcf_data_broadcast_3202c//release/lib//libgycas.a(gycas_smc_drv.o)
                0x000000008005183c                GYCAS_SmcDrv_ReadCardAllFile
                0x0000000080051b8c                GYCAS_SmcDrv_GetRandomCUBF
                0x00000000800510d4                GYCAS_SmcDrv_WriteRecordFile
                0x000000008004f530                GYCAS_SmcDrv_Initialize
                0x0000000080051b24                GYCAS_SmcDrv_GYCAS_DesDecryptCUBF
                0x0000000080050a64                GYCAS_SmcDrv_UpdateKey
                0x0000000080050df8                GYCAS_SmcDrv_GYCAS_DesEncrypt
                0x0000000080051978                GYCAS_SmcDrv_EncodeCUBF
                0x0000000080051b58                GYCAS_SmcDrv_GYCAS_DesEncryptCUBF
                0x0000000080050c48                GYCAS_SmcDrv_GYCAS_DesDecrypt
 .text          0x0000000080051cac     0x87b0 /d/3202c/prj/app/demo/dvbc/jade_demo_new_geeya/mcf_data_broadcast_3202c//release/lib//libgycas.a(gycas_smc_hal.o)
                0x000000008005a310                GYCA_SubCardToken
                0x0000000080059dd4                GYCAS_SmcHal_SmcInitialize
                0x0000000080059e68                GYCAS_SmcHal_SmcOperation
                0x0000000080059e48                GYCAS_SmcHal_SmcInactivate
                0x000000008005a064                GYCAS_SmcHal_SmcIsMatchATR
                0x0000000080059df4                GYCAS_SmcHal_SmcActivate
 .text          0x000000008005a45c      0xa2c /d/3202c/prj/app/demo/dvbc/jade_demo_new_geeya/mcf_data_broadcast_3202c//release/lib//libgycas.a(gycas_utl.o)
                0x000000008005ac5c                GYCAS_DesDecrypt
                0x000000008005a4e0                GYCAS_CRC16Calculate
                0x000000008005aa38                GYCAS_DesEncrypt
                0x000000008005a45c                GYCAS_CRC32Calculate
                0x000000008005a54c                GYCAS_GYCAS_DesEncryptMwPadding
 .text          0x000000008005ae88     0x20d8 /d/3202c/prj/app/demo/dvbc/jade_demo_new_geeya/mcf_data_broadcast_3202c//release/lib//libgycas.a(gycas_vm.o)
                0x000000008005cdcc                GYCAS_AsmIsBreakPoint
                0x000000008005b630                GYCAS_AsmSaveZ
                0x000000008005b864                GYCAS_AsmParseCmd
                0x000000008005b758                GYCAS_AsmGetOffset
                0x000000008005b584                GYCAS_AsmLoadY
                0x000000008005b5cc                GYCAS_AsmLoadSP
                0x000000008005b650                GYCAS_AsmSaveSP
                0x000000008005b670                GYCAS_AsmSetByteBit
                0x000000008005b610                GYCAS_AsmSaveY
                0x000000008005ca20                GYCAS_VmReloadInstructions
                0x000000008005b560                GYCAS_AsmLoadX
                0x000000008005b5f0                GYCAS_AsmSaveX
                0x000000008005cb4c                GYCAS_AsmStep
                0x000000008005b798                gycas_cmpsingedbyte
                0x000000008005ae88                GYCAS_AsmClearMemory
                0x000000008005b134                GYCAS_AsmGetCmdArg
                0x000000008005af08                GYCAS_VmDesBlocks
                0x000000008005b0c8                GYCAS_AsmPush
                0x000000008005b740                GYCAS_AsmValidAddress
                0x000000008005b5a8                GYCAS_AsmLoadZ
                0x000000008005b104                GYCAS_AsmPop
                0x000000008005ca10                GYCAS_VmGetCodeMem
 .text          0x000000008005cf60      0x278 /d/3202c/prj/app/demo/dvbc/jade_demo_new_geeya/mcf_data_broadcast_3202c//release/lib//libgycas.a(gycas_crc.o)
                0x000000008005d1a0                GYCAS_CRCGet
                0x000000008005cf60                GYCAS_CRCInitialize
                0x000000008005d124                GYCAS_CRCReset
                0x000000008005d134                GYCAS_CRCNextByte
 .text          0x000000008005d1d8      0xa0c /d/3202c/prj/app/demo/dvbc/jade_demo_new_geeya/mcf_data_broadcast_3202c//release/lib//libgycas.a(gycas_des.o)
                0x000000008005d4dc                GYCAS_cpkey
                0x000000008005d518                GYCAS_usekey
                0x000000008005daec                GYCAS_des_dec
                0x000000008005d1d8                GYCAS_deskey
                0x000000008005d554                GYCAS_des
                0x000000008005db80                GYCAS_CRCKey
                0x000000008005d9ec                GYCAS_des_key
                0x000000008005da58                GYCAS_des_enc
 .text          0x000000008005dbe4     0x1810 /d/3202c/prj/app/demo/dvbc/jade_demo_new_geeya/mcf_data_broadcast_3202c//release/lib//libgycas.a(gycas_emm.o)
                0x000000008005e750                GYCAS_emm_OnCardInfoMsgSection
                0x000000008005ef84                GYCAS_emm_OnVmCodeMsgSection
                0x000000008005eeb8                GYCAS_EMM_Initialize
                0x000000008005e0c4                GYCAS_emm_OnGroupStbInfoMsg
                0x000000008005f348                GYCAS_PlainEMM
                0x000000008005e2fc                GYCAS_emm_OnCardBaseInfo
                0x000000008005dbe4                GYCAS_emm_OnCardEntitlementMsgSection
                0x000000008005ddb4                GYCAS_emm_OnGroupEntitlementMsg
 .text          0x000000008005f3f4      0xafc /d/3202c//sdk/libmlzo.a(slzo.o)
                0x000000008005f890                lzo1x_decompress_safe
                0x000000008005f3f4                lzo1x_decompress
                0x000000008005feb8                unlzo
 .text          0x000000008005fef0     0x2b38 /d/3202c/prj/app/demo/dvbc/jade_demo_new_geeya/mcf_data_broadcast_3202c//release/lib//liball.a(i2c_gpio.o)
                0x0000000080061ccc                i2c_gpio_write_no_stop
                0x0000000080062344                i2c_gpio_write
                0x000000008006255c                i2c_gpio_mbyte_write_read
                0x0000000080062950                i2c_gpio_write_plus_read
                0x0000000080062268                i2c_gpio_read
                0x00000000800626cc                i2c_gpio_write_write_read
                0x0000000080062808                i2c_gpio_write_read_std
                0x000000008005ff28                i2c_gpio_attach
                0x000000008005fef0                i2c_gpio_set
                0x0000000080062420                i2c_gpio_write_read
                0x0000000080061e3c                i2c_gpio_mode_set
 .text          0x0000000080062a28     0x1ed4 /d/3202c/prj/app/demo/dvbc/jade_demo_new_geeya/mcf_data_broadcast_3202c//release/lib//liball.a(i2c_scb.o)
                0x0000000080064384                i2c_scb_write_write_read
                0x0000000080064824                i2c_scb_write_plus_read
                0x0000000080062f0c                i2c_scb_read
                0x0000000080063718                i2c_isr
                0x0000000080063194                i2c_scb_write
                0x0000000080063a50                i2c_scb_write_read_multi
                0x0000000080064064                scb_get_data
                0x0000000080062a28                i2c_scb_attach
                0x0000000080063d4c                i2c_scb_write_read_std
                0x00000000800637e8                i2c_scb_write_multi
                0x0000000080062ba8                i2c_scb_mode_set
                0x0000000080064110                i2c_scb_eddc_read
                0x0000000080063400                i2c_scb_write_read
 .text          0x00000000800648fc      0xc88 /d/3202c/prj/app/demo/dvbc/jade_demo_new_geeya/mcf_data_broadcast_3202c//release/lib//liball.a(sci_16550uart.o)
                0x0000000080065544                sci_16550uart_clear_buff
                0x0000000080065348                sci_16550uart_loopback
                0x00000000800650d0                sci_16550uart_read
                0x0000000080064b20                sci_16550uart_set_mode
                0x0000000080065388                sci_16550uart_write
                0x00000000800651e0                sci_16550uart_read_tm
                0x000000008006553c                sci_16550uart_fifowrite
                0x00000000800648fc                sci_16550uart_attach
 .text          0x0000000080065584      0x3b4 /d/3202c/prj/app/demo/dvbc/jade_demo_new_geeya/mcf_data_broadcast_3202c//release/lib//liball.a(hld_dev.o)
                0x00000000800655ec                dev_get_by_type
                0x00000000800658d8                dev_free
                0x00000000800657a4                dev_alloc
                0x0000000080065630                dev_get_by_id
                0x00000000800658b8                dev_register
                0x0000000080065918                dev_list_all
                0x0000000080065584                dev_get_by_name
 .text          0x0000000080065938      0x6cc /d/3202c/prj/app/demo/dvbc/jade_demo_new_geeya/mcf_data_broadcast_3202c//release/lib//liball.a(deca.o)
                0x0000000080065a2c                deca_set_sync_mode
                0x0000000080065e14                deca_process_pcm_samples
                0x0000000080065ba8                deca_io_control
                0x0000000080065cac                deca_request_desc_write
                0x0000000080065fbc                deca_init_ase
                0x0000000080065938                deca_pcm_buf_resume
                0x00000000800659dc                deca_close
                0x0000000080065970                deca_open
                0x0000000080065ed4                deca_process_pcm_bitstream
                0x0000000080065ddc                deca_stop_tone_voice
                0x0000000080065c48                deca_request_write
                0x0000000080065a88                deca_start
                0x0000000080065d10                deca_update_write
                0x0000000080065d58                deca_update_desc_write
                0x0000000080065b58                deca_pause
                0x0000000080065af0                deca_stop
                0x0000000080065da0                deca_tone_voice
 .text          0x0000000080066004      0x4a0 /d/3202c/prj/app/demo/dvbc/jade_demo_new_geeya/mcf_data_broadcast_3202c//release/lib//liball.a(decv.o)
                0x000000008006645c                h264_decoder_select
                0x00000000800660c4                vdec_vbv_request
                0x00000000800663b4                vdec_dvr_pause
                0x000000008006633c                vdec_playmode
                0x000000008006613c                vdec_set_output
                0x0000000080066244                vdec_switch_pip
                0x00000000800662a4                vdec_sync_mode
                0x000000008006642c                vdec_step
                0x000000008006630c                vdec_io_control
                0x0000000080066064                vdec_start
                0x0000000080066464                get_selected_decoder
                0x0000000080066094                vdec_stop
                0x00000000800662dc                vdec_extrawin_store_last_pic
                0x0000000080066378                vdec_dvr_set_param
                0x0000000080066034                vdec_close
                0x000000008006610c                vdec_vbv_update
                0x0000000080066004                vdec_open
                0x000000008006648c                is_cur_decoder_avc
                0x00000000800663f0                vdec_dvr_resume
                0x0000000080066274                vdec_switch_pip_ext
                0x0000000080066498                set_avc_output_mode_check_cb
 .text          0x00000000800664a4      0x47c /d/3202c/prj/app/demo/dvbc/jade_demo_new_geeya/mcf_data_broadcast_3202c//release/lib//liball.a(dmx.o)
                0x0000000080066868                dmx_register_service_new
                0x0000000080066818                dmx_pause
                0x0000000080066704                dmx_async_req_section
                0x000000008006664c                dmx_io_control
                0x0000000080066760                dmx_start
                0x00000000800668c4                dmx_unregister_service_new
                0x00000000800665ac                dmx_open
                0x00000000800666a8                dmx_req_section
                0x00000000800664ec                dmx_register_service
                0x000000008006654c                dmx_unregister_service
                0x00000000800667bc                dmx_stop
                0x00000000800664a4                dmx_cfg_cw
                0x00000000800665fc                dmx_close
 .text          0x0000000080066920     0x36f0 /d/3202c/prj/app/demo/dvbc/jade_demo_new_geeya/mcf_data_broadcast_3202c//release/lib//liball.a(ge.o)
                0x000000008006853c                ge_set_src_mode
                0x0000000080068440                ge_cmd_list_stop
                0x0000000080068590                ge_set_msk_mode
                0x0000000080068398                ge_cmd_list_get_param
                0x00000000800692ac                ge_get_colorkey_range
                0x0000000080068fb8                ge_get_global_alpha_mode
                0x00000000800681f4                ge_cmd_list_get_next
                0x0000000080066c08                ge_blt_ex
                0x0000000080067bb8                ge_modify_pallette_deo
                0x0000000080067ffc                ge_cmd_list_get_base
                0x0000000080068c1c                ge_get_rop_mode
                0x0000000080066a34                ge_read_pixel
                0x0000000080068a24                ge_get_back_color
                0x00000000800694ac                ge_set_font_data_format
                0x0000000080069458                ge_set_rgb_expansion
                0x0000000080069a18                ge_gma_set_pallette
                0x0000000080068bc8                ge_set_bop_mode
                0x0000000080067cdc                ge_set_region_pos_deo
                0x0000000080069ae8                ge_gma_modify_pallette
                0x0000000080069d44                ge_gma_set_region_to_cmd_list
                0x0000000080069204                ge_get_colorkey_mode
                0x0000000080067228                ge_get_resize
                0x000000008006700c                ge_get_region_pos
                0x0000000080067940                ge_draw_line
                0x0000000080068acc                ge_get_draw_color
                0x00000000800688bc                ge_get_xy2
                0x0000000080067df0                ge_disable_clip_deo
                0x00000000800676d4                ge_set_planmask
                0x00000000800677f8                ge_set_region_pars
                0x00000000800696f8                ge_set_clip_mode
                0x0000000080068e14                ge_set_global_alpha_layer
                0x00000000800689d0                ge_set_draw_color
                0x0000000080067a48                ge_show_onoff_deo
                0x00000000800695fc                ge_set_clut_rgb_order
                0x0000000080068f10                ge_set_dst_alpha_out
                0x0000000080066ba4                ge_blt
                0x00000000800691b0                ge_set_colorkey_range
                0x0000000080067c88                ge_delete_region_deo
                0x0000000080068cc4                ge_set_global_alpha
                0x0000000080068e68                ge_set_bitmap_alpha_mode
                0x0000000080067fa8                ge_cmd_list_is_valid
                0x00000000800678d8                ge_draw_bitmap
                0x0000000080066a88                ge_draw_hor_line
                0x0000000080068d18                ge_set_global_alpha_mode
                0x0000000080069804                ge_set_bitmask
                0x00000000800673f4                ge_set_colorredc
                0x0000000080066920                ge_lock
                0x0000000080066d78                ge_region_show_onoff
                0x00000000800685e4                ge_get_primitive_mode
                0x0000000080067114                ge_set_rop
                0x0000000080067450                ge_get_colorredc
                0x0000000080067c30                ge_create_region_deo
                0x0000000080068798                ge_get_xy
                0x0000000080069354                ge_set_subbyte_endian
                0x0000000080069650                ge_set_clut_update
                0x00000000800695a8                ge_set_clut_addr
                0x0000000080068a78                ge_get_font_color
                0x0000000080067868                ge_get_region_pars
                0x0000000080068850                ge_set_xy2
                0x0000000080066fb0                ge_set_region_pos
                0x00000000800680a4                ge_cmd_list_end
                0x0000000080069bc8                ge_gma_delete_region
                0x0000000080067e40                ge_io_ctrl_deo
                0x0000000080069b68                ge_gma_create_region
                0x0000000080068494                ge_set_base_addr
                0x0000000080068248                ge_cmd_list_get_prev
                0x0000000080066aec                ge_draw_ver_line
                0x00000000800675c0                ge_get_rgb2yuv
                0x0000000080069908                ge_gma_show_onoff
                0x0000000080066e30                ge_get_pallette
                0x0000000080067f54                ge_cmd_list_destroy
                0x000000008006733c                ge_set_alpha
                0x0000000080067d94                ge_set_clip_deo
                0x0000000080067170                ge_get_rop
                0x00000000800669d8                ge_draw_pixel
                0x00000000800681a0                ge_cmd_list_get_last
                0x000000008006868c                ge_get_msk_mode
                0x00000000800693a8                ge_set_rgb_order
                0x00000000800680f8                ge_cmd_list_get_num
                0x00000000800697b0                ge_enable_bitmask
                0x00000000800679fc                ge_release_surface_deo
                0x000000008006829c                ge_cmd_begin
                0x0000000080067af8                ge_set_pallette_deo
                0x0000000080067678                ge_get_yuv2rgb
                0x0000000080069e6c                ge_gma_close
                0x0000000080068dc0                ge_set_global_alpha_sel
                0x0000000080066f08                ge_create_region
                0x0000000080068344                ge_cmd_list_set_param
                0x0000000080066b50                ge_fill_rect
                0x00000000800682f0                ge_cmd_end
                0x000000008006761c                ge_set_yuv2rgb
                0x000000008006697c                ge_unlock
                0x00000000800670c4                ge_disable_clip
                0x0000000080069e00                ge_gma_set_region_clip_rect
                0x00000000800696a4                ge_set_clut_color_cvt
                0x0000000080068638                ge_get_src_mode
                0x0000000080069da4                ge_gma_set_region_clip_mode
                0x0000000080068c70                ge_get_bop_mode
                0x0000000080069f18                ge_open
                0x0000000080068928                ge_set_back_color
                0x0000000080069060                ge_get_alpha_out_mode
                0x00000000800683ec                ge_cmd_list_start
                0x0000000080069554                ge_set_clut_mode
                0x0000000080069500                ge_set_font_stretch
                0x0000000080067508                ge_get_flickfilt
                0x0000000080067f00                ge_cmd_list_create
                0x00000000800686e0                ge_set_xy
                0x0000000080067ea0                ge_io_ctrl_ext
                0x0000000080067730                ge_get_planmask
                0x00000000800679a4                ge_create_surface_deo
                0x0000000080067398                ge_get_alpha
                0x00000000800690b4                ge_get_dst_alpha_out
                0x0000000080068b74                ge_set_rop_mode
                0x000000008006873c                ge_set_wh
                0x0000000080069300                ge_set_byte_endian
                0x0000000080067284                ge_set_colorkey
                0x0000000080069108                ge_set_colorkey_mode
                0x0000000080067b58                ge_get_pallette_deo
                0x0000000080067aa0                ge_region_show_onoff_deo
                0x00000000800698ac                ge_set_scan_order
                0x0000000080067068                ge_set_clip
                0x0000000080066f60                ge_delete_region
                0x0000000080067d38                ge_get_region_pos_deo
                0x0000000080069ce4                ge_gma_get_region_info
                0x0000000080069f98                ge_close
                0x00000000800671cc                ge_set_resize
                0x0000000080069c24                ge_gma_move_region
                0x0000000080069858                ge_enable_dither
                0x0000000080069eb8                ge_io_ctrl
                0x0000000080068ebc                ge_set_alpha_out_mode
                0x0000000080066c7c                ge_create_surface
                0x000000008006900c                ge_get_global_alpha_sel
                0x0000000080067564                ge_set_rgb2yuv
                0x000000008006778c                ge_set_cur_region
                0x00000000800672e0                ge_get_colorkey
                0x0000000080069c84                ge_gma_show_region
                0x0000000080068d6c                ge_set_alpha_blend_mode
                0x000000008006974c                ge_set_clip_rect
                0x00000000800674ac                ge_set_flickfilt
                0x000000008006814c                ge_cmd_list_get_first